error: incorrect value `leaf` for codegen option `branch-protection` - a `,` separated combination of `bti`, `b-key`, `pac-ret`, or `leaf` was expected

